// Jest Snapshot v1, https://goo.gl/fbAQLP

exports[`PocketInput Renders mandatory data 1`] = `
<div>
  <label
    for="from"
  >
    GBP
  </label>
  <input
    id="from"
    max="58.33"
    min="0"
    name="from"
    step="0.01"
    type="number"
  />
  <div>
    You have Â£58.33
  </div>
</div>
`;
