// Jest Snapshot v1, https://goo.gl/fbAQLP

exports[`ExchangeForm Renders default state 1`] = `
<div>
  <form
    id="exchange"
    name="exchange"
  >
    <label
      for="from"
    >
      GBP
    </label>
    <input
      id="from"
      max="58.33"
      min="0"
      name="from"
      required=""
      step="0.01"
      type="number"
      value=""
    />
    <div>
      You have Â£58.33
    </div>
    <label
      for="to"
    >
      USD
    </label>
    <input
      id="to"
      max="25.51"
      min="0"
      name="to"
      readonly=""
      step="0.01"
      tabindex="-1"
      type="number"
      value=""
    />
    <div>
      You have $25.51
    </div>
    <button
      type="button"
    >
      Cancel
    </button>
    <button
      type="submit"
    >
      Exchange
    </button>
  </form>
</div>
`;
